2018-06-12 10:08:57
2018-06-12 10:10:31
